{
  "login": "any@gmail.com",
  "firstName": "firstName",
  "lastName": "lastName",
  "description": "any-description",
  "id": "1"
}