{
  "login": "any@gmail.com",
  "firstName": "firstname",
  "lastName": "lastname",
  "description": "any-description",
  "id": "1"
}